// Jest Snapshot v1, https://goo.gl/fbAQLP

exports[`renders correctly 1`] = `
<div
  className="container is-two-quarters"
>
  <div
    className="navbar"
  >
    <div
      className="container"
    >
      <div
        className="navbar-brand"
      >
        <a
          className="navbar-item"
          href="#"
        >
          <div
            className="logo"
          >
            Login App
          </div>
        </a>
      </div>
      <div
        className="navbar-menu"
      >
        <div
          className="navbar-end"
        >
          <a
            className="navbar-item"
            onClick={[Function]}
          >
            Log out
          </a>
        </div>
      </div>
    </div>
  </div>
  <div
    className="card"
  >
    <div
      className="card-content"
    >
      <p
        className="title"
      >
        Welcome to Home Page
      </p>
      <p
        className="subtitle"
      >
        Coded by Anish Dhamodaran
      </p>
    </div>
  </div>
</div>
`;
